<html>
<body>
<pre>
<h1>µVision Build Log</h1>
<h2>Project:</h2>
C:\Users\Kacper\Desktop\wzpsw\zzpsw\FreeRTOS\Demo\ARM7_LPC2129_Keil_RVDS\RTOSDemo.uvproj
Project File Date:  10/24/2025

<h2>Output:</h2>
Build target 'RTOSDemo_THUMB'
compiling main.c...
linking...
Program Size: Code=11404 RO-data=32 RW-data=100 ZI-data=7988  
FromELF: creating hex file...
".\bin\RTOSDemo.axf" - 0 Errors, 0 Warning(s).
Build target 'RTOSDemo_THUMB'
compiling main.c...
linking...
Program Size: Code=11412 RO-data=32 RW-data=100 ZI-data=7988  
FromELF: creating hex file...
".\bin\RTOSDemo.axf" - 0 Errors, 0 Warning(s).
Rebuild target 'RTOSDemo_THUMB'
assembling Startup.s...
compiling main.c...
compiling led.c...
compiling tasks.c...
compiling list.c...
compiling queue.c...
compiling port.c...
compiling heap_2.c...
assembling portASM.s...
linking...
Program Size: Code=11412 RO-data=32 RW-data=100 ZI-data=7988  
FromELF: creating hex file...
".\bin\RTOSDemo.axf" - 0 Errors, 0 Warning(s).
Rebuild target 'RTOSDemo_THUMB'
assembling Startup.s...
compiling main.c...
compiling led.c...
compiling tasks.c...
compiling list.c...
compiling queue.c...
compiling port.c...
compiling heap_2.c...
assembling portASM.s...
linking...
Program Size: Code=11412 RO-data=32 RW-data=100 ZI-data=7988  
FromELF: creating hex file...
".\bin\RTOSDemo.axf" - 0 Errors, 0 Warning(s).
Rebuild target 'RTOSDemo_THUMB'
assembling Startup.s...
compiling main.c...
compiling led.c...
compiling tasks.c...
compiling list.c...
compiling queue.c...
compiling port.c...
compiling heap_2.c...
assembling portASM.s...
linking...
Program Size: Code=11376 RO-data=32 RW-data=100 ZI-data=7988  
FromELF: creating hex file...
".\bin\RTOSDemo.axf" - 0 Errors, 0 Warning(s).
Rebuild target 'RTOSDemo_THUMB'
assembling Startup.s...
compiling main.c...
compiling led.c...
compiling tasks.c...
compiling list.c...
compiling queue.c...
compiling port.c...
compiling heap_2.c...
assembling portASM.s...
linking...
Program Size: Code=11380 RO-data=32 RW-data=100 ZI-data=7988  
FromELF: creating hex file...
".\bin\RTOSDemo.axf" - 0 Errors, 0 Warning(s).
Build target 'RTOSDemo_THUMB'
compiling main.c...
linking...
Program Size: Code=11396 RO-data=32 RW-data=100 ZI-data=7988  
FromELF: creating hex file...
".\bin\RTOSDemo.axf" - 0 Errors, 0 Warning(s).
Rebuild target 'RTOSDemo_THUMB'
assembling Startup.s...
compiling main.c...
compiling led.c...
compiling tasks.c...
compiling list.c...
compiling queue.c...
compiling port.c...
compiling heap_2.c...
assembling portASM.s...
linking...
Program Size: Code=11396 RO-data=32 RW-data=100 ZI-data=7988  
FromELF: creating hex file...
".\bin\RTOSDemo.axf" - 0 Errors, 0 Warning(s).
Rebuild target 'RTOSDemo_THUMB'
assembling Startup.s...
compiling main.c...
compiling led.c...
compiling tasks.c...
compiling list.c...
compiling queue.c...
compiling port.c...
compiling heap_2.c...
assembling portASM.s...
linking...
Program Size: Code=11404 RO-data=32 RW-data=100 ZI-data=7988  
FromELF: creating hex file...
".\bin\RTOSDemo.axf" - 0 Errors, 0 Warning(s).
Rebuild target 'RTOSDemo_THUMB'
assembling Startup.s...
compiling main.c...
compiling led.c...
compiling tasks.c...
compiling list.c...
compiling queue.c...
compiling port.c...
compiling heap_2.c...
assembling portASM.s...
linking...
Program Size: Code=11396 RO-data=32 RW-data=100 ZI-data=7988  
FromELF: creating hex file...
".\bin\RTOSDemo.axf" - 0 Errors, 0 Warning(s).
Rebuild target 'RTOSDemo_THUMB'
assembling Startup.s...
compiling main.c...
compiling led.c...
compiling tasks.c...
compiling list.c...
compiling queue.c...
compiling port.c...
compiling heap_2.c...
assembling portASM.s...
linking...
Program Size: Code=11388 RO-data=32 RW-data=100 ZI-data=7988  
FromELF: creating hex file...
".\bin\RTOSDemo.axf" - 0 Errors, 0 Warning(s).
Rebuild target 'RTOSDemo_THUMB'
assembling Startup.s...
compiling main.c...
main.c(19): warning:  #223-D: function "LedOn" declared implicitly
main.c(21): warning:  #223-D: function "LedOff" declared implicitly
compiling led.c...
compiling tasks.c...
compiling list.c...
compiling queue.c...
compiling port.c...
compiling heap_2.c...
assembling portASM.s...
linking...
Program Size: Code=11504 RO-data=32 RW-data=100 ZI-data=7988  
FromELF: creating hex file...
".\bin\RTOSDemo.axf" - 0 Errors, 2 Warning(s).
Rebuild target 'RTOSDemo_THUMB'
assembling Startup.s...
compiling main.c...
compiling led.c...
compiling tasks.c...
compiling list.c...
compiling queue.c...
compiling port.c...
compiling heap_2.c...
assembling portASM.s...
linking...
Program Size: Code=11504 RO-data=32 RW-data=100 ZI-data=7988  
FromELF: creating hex file...
".\bin\RTOSDemo.axf" - 0 Errors, 0 Warning(s).
